
CASE natural-3-12: 4096x4096 = 16,777,216 pairs, cores=12
  k=1  sz-pre-1c       104.75 Mpair/s  median=0.160171s  samples=[0.160071016, 0.160133816, 0.160208927, 0.160210887]
  k=1  sz-alloc-1c     104.44 Mpair/s  median=0.160634s  samples=[0.160691197, 0.16147003, 0.160576137, 0.160481867]
  k=1  rf-dist-1c      186.91 Mpair/s  median=0.089760s  samples=[0.089780214, 0.091874871, 0.089605483, 0.089740443]
  k=1  rf-bool-1c      184.48 Mpair/s  median=0.090942s  samples=[0.093299865, 0.091389218, 0.090494516, 0.090460165]
  k=1  sz-pre-all     1010.58 Mpair/s  median=0.016602s  samples=[0.016545643, 0.016628323, 0.016607533, 0.016595733]
  k=1  sz-alloc-all   1013.83 Mpair/s  median=0.016548s  samples=[0.016415942, 0.017137314, 0.016535052, 0.016561512]
  k=1  rf-dist-all     434.89 Mpair/s  median=0.038578s  samples=[0.058206164, 0.029694883, 0.040189757, 0.036966256]
  k=1  rf-bool-all     394.06 Mpair/s  median=0.042575s  samples=[0.043413027, 0.063797791, 0.041737312, 0.032766244]
  RESULT k=1: accepted=905 (0.0054%); 1c end-to-end=0.566x SZ/RF, 1c favorable=0.560x, all end-to-end=2.573x, all favorable=2.324x
  k=2  sz-pre-1c        62.83 Mpair/s  median=0.267020s  samples=[0.266800421, 0.267183652, 0.267304322, 0.266855731]
  k=2  sz-alloc-1c      62.76 Mpair/s  median=0.267323s  samples=[0.267116821, 0.268035773, 0.267529932, 0.26701185]
  k=2  rf-dist-1c      186.82 Mpair/s  median=0.089804s  samples=[0.089732492, 0.089789682, 0.089817772, 0.089821292]
  k=2  rf-bool-1c      184.38 Mpair/s  median=0.090992s  samples=[0.090339895, 0.091287927, 0.090695975, 0.093760285]
  k=2  sz-pre-all      629.19 Mpair/s  median=0.026665s  samples=[0.026532843, 0.026704614, 0.026640004, 0.026689444]
  k=2  sz-alloc-all    627.65 Mpair/s  median=0.026730s  samples=[0.026573724, 0.027282646, 0.026696004, 0.026764664]
  k=2  rf-dist-all     319.28 Mpair/s  median=0.052547s  samples=[0.046110905, 0.085086087, 0.049391625, 0.055702845]
  k=2  rf-bool-all     335.36 Mpair/s  median=0.050028s  samples=[0.048462772, 0.051592573, 0.032984534, 0.082550229]
  RESULT k=2: accepted=25,504 (0.1520%); 1c end-to-end=0.340x SZ/RF, 1c favorable=0.336x, all end-to-end=1.872x, all favorable=1.971x
  k=4  sz-pre-1c        40.03 Mpair/s  median=0.419088s  samples=[0.422901578, 0.418954995, 0.419108285, 0.419067384]
  k=4  sz-alloc-1c      40.04 Mpair/s  median=0.419048s  samples=[0.418726662, 0.418817902, 0.424884551, 0.419278632]
  k=4  rf-dist-1c      186.15 Mpair/s  median=0.090126s  samples=[0.090077022, 0.090144912, 0.090106752, 0.094142604]
  k=4  rf-bool-1c      184.88 Mpair/s  median=0.090748s  samples=[0.090705184, 0.091916877, 0.090776094, 0.090719944]
  k=4  sz-pre-all      405.45 Mpair/s  median=0.041379s  samples=[0.04471194, 0.040972288, 0.041088709, 0.04167028]
  k=4  sz-alloc-all    408.98 Mpair/s  median=0.041022s  samples=[0.040966428, 0.043209675, 0.040992278, 0.041051598]
  k=4  rf-dist-all     422.78 Mpair/s  median=0.039684s  samples=[0.035030459, 0.04803434, 0.040878967, 0.038488091]
  k=4  rf-bool-all     279.75 Mpair/s  median=0.059971s  samples=[0.04818844, 0.037438796, 0.092549289, 0.071753905]
  RESULT k=4: accepted=954,994 (5.6922%); 1c end-to-end=0.217x SZ/RF, 1c favorable=0.215x, all end-to-end=1.462x, all favorable=0.959x

CASE fixed-8: 4096x4096 = 16,777,216 pairs, cores=12
  k=1  sz-pre-1c        71.65 Mpair/s  median=0.234150s  samples=[0.234229151, 0.23410366, 0.234195662, 0.23391889]
  k=1  sz-alloc-1c      71.66 Mpair/s  median=0.234131s  samples=[0.23397844, 0.235200164, 0.234170571, 0.234090979]
  k=1  rf-dist-1c      202.19 Mpair/s  median=0.082979s  samples=[0.08329117, 0.083004249, 0.082936059, 0.082953379]
  k=1  rf-bool-1c      200.62 Mpair/s  median=0.083628s  samples=[0.08355119, 0.084525533, 0.08366328, 0.083592071]
  k=1  sz-pre-all      666.53 Mpair/s  median=0.025171s  samples=[0.025072158, 0.025172098, 0.025294539, 0.025170009]
  k=1  sz-alloc-all    663.20 Mpair/s  median=0.025297s  samples=[0.025300059, 0.026157222, 0.025294499, 0.025294399]
  k=1  rf-dist-all     318.36 Mpair/s  median=0.052698s  samples=[0.059926306, 0.059251685, 0.026473412, 0.046144863]
  k=1  rf-bool-all     382.66 Mpair/s  median=0.043843s  samples=[0.059936307, 0.056589236, 0.031097436, 0.027892676]
  RESULT k=1: accepted=0 (0.0000%); 1c end-to-end=0.357x SZ/RF, 1c favorable=0.354x, all end-to-end=1.733x, all favorable=2.094x
  k=2  sz-pre-1c        67.35 Mpair/s  median=0.249091s  samples=[0.249086136, 0.249151385, 0.248998645, 0.249095225]
  k=2  sz-alloc-1c      67.26 Mpair/s  median=0.249428s  samples=[0.249300746, 0.249482685, 0.249372775, 0.253708408]
  k=2  rf-dist-1c      202.66 Mpair/s  median=0.082784s  samples=[0.082765157, 0.082909728, 0.082803697, 0.082728177]
  k=2  rf-bool-1c      201.31 Mpair/s  median=0.083342s  samples=[0.083383839, 0.083324859, 0.083358649, 0.083321669]
  k=2  sz-pre-all      637.20 Mpair/s  median=0.026329s  samples=[0.027300965, 0.026277281, 0.026307061, 0.026351832]
  k=2  sz-alloc-all    634.06 Mpair/s  median=0.026460s  samples=[0.026470842, 0.026461242, 0.026435552, 0.026459062]
  k=2  rf-dist-all     422.77 Mpair/s  median=0.039684s  samples=[0.040098314, 0.039270132, 0.04839093, 0.029758012]
  k=2  rf-bool-all     437.64 Mpair/s  median=0.038336s  samples=[0.04813588, 0.043206414, 0.030210564, 0.033465214]
  RESULT k=2: accepted=1 (0.0000%); 1c end-to-end=0.334x SZ/RF, 1c favorable=0.332x, all end-to-end=1.449x, all favorable=1.507x
  k=4  sz-pre-1c        60.66 Mpair/s  median=0.276566s  samples=[0.276634338, 0.27745012, 0.276445277, 0.276498417]
  k=4  sz-alloc-1c      60.66 Mpair/s  median=0.276598s  samples=[0.277341739, 0.276747757, 0.276371726, 0.276448395]
  k=4  rf-dist-1c      199.35 Mpair/s  median=0.084159s  samples=[0.08410063, 0.084250411, 0.08417638, 0.08414126]
  k=4  rf-bool-1c      197.42 Mpair/s  median=0.084981s  samples=[0.084864713, 0.085810806, 0.085096614, 0.084861482]
  k=4  sz-pre-all      588.76 Mpair/s  median=0.028496s  samples=[0.028369618, 0.028493748, 0.028535528, 0.028498158]
  k=4  sz-alloc-all    591.60 Mpair/s  median=0.028359s  samples=[0.028346767, 0.028390988, 0.028370998, 0.028304147]
  k=4  rf-dist-all     476.54 Mpair/s  median=0.035206s  samples=[0.029842072, 0.036598463, 0.033813504, 0.064003148]
  k=4  rf-bool-all     452.38 Mpair/s  median=0.037086s  samples=[0.040633455, 0.042504412, 0.033539014, 0.033151053]
  RESULT k=4: accepted=2,730 (0.0163%); 1c end-to-end=0.307x SZ/RF, 1c favorable=0.304x, all end-to-end=1.308x, all favorable=1.235x

CASE clustered-8-one-sub: 4096x4096 = 16,777,216 pairs, cores=12
  k=1  sz-pre-1c        57.26 Mpair/s  median=0.293012s  samples=[0.293066966, 0.292956375, 0.292878335, 0.293082944]
  k=1  sz-alloc-1c      57.94 Mpair/s  median=0.289556s  samples=[0.289189532, 0.290268265, 0.289712384, 0.289398873]
  k=1  rf-dist-1c      205.95 Mpair/s  median=0.081464s  samples=[0.081457351, 0.081469881, 0.081470742, 0.081433071]
  k=1  rf-bool-1c      203.83 Mpair/s  median=0.082308s  samples=[0.081966203, 0.083035886, 0.082390524, 0.082226354]
  k=1  sz-pre-all      542.75 Mpair/s  median=0.030912s  samples=[0.030914425, 0.030903085, 0.030908625, 0.030993075]
  k=1  sz-alloc-all    537.24 Mpair/s  median=0.031229s  samples=[0.031311277, 0.031998499, 0.031146226, 0.030976806]
  k=1  rf-dist-all     492.22 Mpair/s  median=0.034085s  samples=[0.057541077, 0.031527087, 0.036642583, 0.027791206]
  k=1  rf-bool-all     375.98 Mpair/s  median=0.044623s  samples=[0.033807594, 0.04519591, 0.04872854, 0.044049686]
  RESULT k=1: accepted=2,096,099 (12.4937%); 1c end-to-end=0.284x SZ/RF, 1c favorable=0.278x, all end-to-end=1.429x, all favorable=1.103x
  k=2  sz-pre-1c        59.61 Mpair/s  median=0.281457s  samples=[0.281560807, 0.281353436, 0.281786946, 0.280071591]
  k=2  sz-alloc-1c      59.55 Mpair/s  median=0.281738s  samples=[0.281789126, 0.281687656, 0.281851556, 0.281551125]
  k=2  rf-dist-1c      201.86 Mpair/s  median=0.083114s  samples=[0.083143135, 0.083157005, 0.082968965, 0.083085655]
  k=2  rf-bool-1c      200.39 Mpair/s  median=0.083724s  samples=[0.083449007, 0.0848026, 0.083760167, 0.083688777]
  k=2  sz-pre-all      570.91 Mpair/s  median=0.029387s  samples=[0.029099149, 0.029653041, 0.029634011, 0.029139199]
  k=2  sz-alloc-all    573.18 Mpair/s  median=0.029270s  samples=[0.029232419, 0.029220169, 0.02930804, 0.02933673]
  k=2  rf-dist-all     542.25 Mpair/s  median=0.030940s  samples=[0.024554955, 0.033667164, 0.037212324, 0.028212627]
  k=2  rf-bool-all     472.70 Mpair/s  median=0.035492s  samples=[0.038129607, 0.048186508, 0.032854481, 0.02590086]
  RESULT k=2: accepted=16,777,216 (100.0000%); 1c end-to-end=0.297x SZ/RF, 1c favorable=0.295x, all end-to-end=1.213x, all favorable=1.053x
  k=4  sz-pre-1c        61.02 Mpair/s  median=0.274957s  samples=[0.273449918, 0.273324378, 0.276464218, 0.281756323]
  k=4  sz-alloc-1c      59.25 Mpair/s  median=0.283180s  samples=[0.282718635, 0.28388161, 0.283310307, 0.283048886]
  k=4  rf-dist-1c      200.78 Mpair/s  median=0.083562s  samples=[0.083569746, 0.085806473, 0.083528885, 0.083554225]
  k=4  rf-bool-1c      197.55 Mpair/s  median=0.084927s  samples=[0.087066516, 0.085386461, 0.084466799, 0.084306947]
  k=4  sz-pre-all      554.87 Mpair/s  median=0.030236s  samples=[0.030249923, 0.030337143, 0.030222873, 0.030060182]
  k=4  sz-alloc-all    572.41 Mpair/s  median=0.029310s  samples=[0.029091599, 0.02974039, 0.029143249, 0.02947655]
  k=4  rf-dist-all     470.89 Mpair/s  median=0.035629s  samples=[0.049196201, 0.03252963, 0.038728289, 0.026619361]
  k=4  rf-bool-all     477.85 Mpair/s  median=0.035110s  samples=[0.03566328, 0.038617458, 0.028170976, 0.034555946]
  RESULT k=4: accepted=16,777,216 (100.0000%); 1c end-to-end=0.300x SZ/RF, 1c favorable=0.304x, all end-to-end=1.198x, all favorable=1.178x

CASE fixed-128: 1024x1024 = 1,048,576 pairs, cores=12
  k=1  sz-pre-1c         4.24 Mpair/s  median=0.247308s  samples=[0.247291186, 0.248299278, 0.247324215, 0.246782524]
  k=1  sz-alloc-1c       4.25 Mpair/s  median=0.246990s  samples=[0.246981933, 0.247484105, 0.246498131, 0.246997454]
  k=1  rf-dist-1c       69.08 Mpair/s  median=0.015178s  samples=[0.015052696, 0.015308066, 0.015301547, 0.015055136]
  k=1  rf-bool-1c       69.15 Mpair/s  median=0.015164s  samples=[0.015067096, 0.015443157, 0.015260666, 0.015059596]
  k=1  sz-pre-all       34.82 Mpair/s  median=0.030118s  samples=[0.030030532, 0.030060852, 0.030175483, 0.032401078]
  k=1  sz-alloc-all     32.36 Mpair/s  median=0.032402s  samples=[0.032394819, 0.032383189, 0.032408839, 0.032432408]
  k=1  rf-dist-all     134.63 Mpair/s  median=0.007789s  samples=[0.007156962, 0.012106837, 0.008420735, 0.00672935]
  k=1  rf-bool-all     114.35 Mpair/s  median=0.009170s  samples=[0.009214088, 0.009124968, 0.006472939, 0.011704116]
  RESULT k=1: accepted=0 (0.0000%); 1c end-to-end=0.061x SZ/RF, 1c favorable=0.061x, all end-to-end=0.283x, all favorable=0.259x
  k=4  sz-pre-1c         3.75 Mpair/s  median=0.279363s  samples=[0.279661052, 0.27906425, 0.280103793, 0.27611371]
  k=4  sz-alloc-1c       3.79 Mpair/s  median=0.276869s  samples=[0.276758023, 0.277159133, 0.276497661, 0.276979922]
  k=4  rf-dist-1c       34.05 Mpair/s  median=0.030791s  samples=[0.030839094, 0.030962855, 0.030743813, 0.030736264]
  k=4  rf-bool-1c       34.04 Mpair/s  median=0.030808s  samples=[0.030801133, 0.030931935, 0.030809913, 0.030806894]
  k=4  sz-pre-all       29.22 Mpair/s  median=0.035890s  samples=[0.033498061, 0.0359273, 0.035894509, 0.035885479]
  k=4  sz-alloc-all     29.18 Mpair/s  median=0.035930s  samples=[0.035929089, 0.03591417, 0.03593033, 0.035990039]
  k=4  rf-dist-all      51.01 Mpair/s  median=0.020557s  samples=[0.021755826, 0.012445048, 0.032292678, 0.019357699]
  k=4  rf-bool-all      46.92 Mpair/s  median=0.022348s  samples=[0.015113736, 0.025426188, 0.032564739, 0.019270549]
  RESULT k=4: accepted=0 (0.0000%); 1c end-to-end=0.111x SZ/RF, 1c favorable=0.110x, all end-to-end=0.622x, all favorable=0.573x
  k=8  sz-pre-1c         3.38 Mpair/s  median=0.309903s  samples=[0.30954313, 0.309930431, 0.311777316, 0.30987644]
  k=8  sz-alloc-1c       3.38 Mpair/s  median=0.310138s  samples=[0.310283701, 0.30999196, 0.309648619, 0.310756732]
  k=8  rf-dist-1c       23.43 Mpair/s  median=0.044753s  samples=[0.044526015, 0.044783776, 0.044722575, 0.044893636]
  k=8  rf-bool-1c       23.41 Mpair/s  median=0.044798s  samples=[0.044836775, 0.044807266, 0.044788616, 0.044764205]
  k=8  sz-pre-all       28.12 Mpair/s  median=0.037295s  samples=[0.037260013, 0.037272383, 0.037317713, 0.037672265]
  k=8  sz-alloc-all     27.27 Mpair/s  median=0.038455s  samples=[0.03951465, 0.039860661, 0.037263053, 0.037395873]
  k=8  rf-dist-all      43.01 Mpair/s  median=0.024379s  samples=[0.018707787, 0.041503226, 0.028235285, 0.020522902]
  k=8  rf-bool-all      44.05 Mpair/s  median=0.023804s  samples=[0.030008071, 0.019142608, 0.023888792, 0.023719131]
  RESULT k=8: accepted=0 (0.0000%); 1c end-to-end=0.144x SZ/RF, 1c favorable=0.144x, all end-to-end=0.619x, all favorable=0.654x
